
[1m[46m RUN [49m[22m [36mv3.2.4 [39m[90mC:/Users/Fahri/OneDrive/Masa├╝st├╝/oyun/frontend[39m

 [32mÔ£ô[39m src/__tests__/animations.test.ts [2m([22m[2m15 tests[22m[2m)[22m[32m 42[2mms[22m[39m
 [32mÔ£ô[39m src/utils/graphClusters.test.ts [2m([22m[2m1 test[22m[2m)[22m[32m 6[2mms[22m[39m
 [32mÔ£ô[39m src/utils/goalDiagnostics.test.ts [2m([22m[2m2 tests[22m[2m)[22m[32m 8[2mms[22m[39m
 [32mÔ£ô[39m src/utils/exportGraph.test.ts [2m([22m[2m2 tests[22m[2m)[22m[32m 19[2mms[22m[39m
 [32mÔ£ô[39m src/utils/mindMapLayout.test.ts [2m([22m[2m1 test[22m[2m)[22m[32m 24[2mms[22m[39m
 [32mÔ£ô[39m src/api/client.test.ts [2m([22m[2m10 tests[22m[2m)[22m[32m 16[2mms[22m[39m
 [32mÔ£ô[39m src/components/LoadingSpinner.test.tsx [2m([22m[2m4 tests[22m[2m)[22m[32m 124[2mms[22m[39m
 [32mÔ£ô[39m src/utils/autoLayout.test.ts [2m([22m[2m2 tests[22m[2m)[22m[32m 198[2mms[22m[39m
 [32mÔ£ô[39m src/__tests__/ui_components.test.tsx [2m([22m[2m6 tests[22m[2m)[22m[32m 111[2mms[22m[39m
 [31mÔØ»[39m src/panels/AiInsightPanel.test.tsx [2m([22m[2m3 tests[22m[2m | [22m[31m2 failed[39m[2m)[22m[32m 192[2mms[22m[39m
[31m   [31m├ù[31m AiInsightPanel fallback[2m > [22mshows fallback suggestions from graph store when API fails[39m[32m 128[2mms[22m[39m
[31m     ÔåÆ Unable to find an element with the text: (text) => text.toLowerCase().includes("yapay zeka") && text.toLowerCase().includes("mevcut"). This could be because the text is broken up by multiple elements. In this case, you can provide a function for your text matcher to make your matcher more flexible.

Ignored nodes: comments, script, style
[36m<body>[31m
  [36m<div>[31m
    [36m<div[31m
      [33mclass[31m=[32m"panel ai-panel"[31m
    [36m>[31m
      [36m<header>[31m
        [36m<h3>[31m
          [0mYapay Zeka Analizleri[0m
        [36m</h3>[31m
        [36m<p[31m
          [33mclass[31m=[32m"muted"[31m
        [36m>[31m
          [0mHedef: [0m
          [0mMVP[0m
        [36m</p>[31m
        [36m<small[31m
          [33mclass[31m=[32m"error"[31m
        [36m>[31m
          [0mAI ├Ânerileri al─▒namad─▒, mevcut ba─şlant─▒lar g├Âsteriliyor.[0m
        [36m</small>[31m
      [36m</header>[31m
      [36m<section>[31m
        [36m<h4>[31m
          [0m├ûnerilen Ki┼şiler[0m
        [36m</h4>[31m
        [36m<ul[31m
          [33mclass[31m=[32m"suggestion-list"[31m
        [36m>[31m
          [36m<li>[31m
            [36m<div>[31m
              [36m<strong>[31m
                [0mAhmet[0m
              [36m</strong>[31m
              [36m<small>[31m
                [0mFintech[0m
              [36m</small>[31m
            [36m</div>[31m
            [36m<span[31m
              [33mclass[31m=[32m"score"[31m
            [36m>[31m
              [0m82[0m
              [0m%[0m
            [36m</span>[31m
          [36m</li>[31m
        [36m</ul>[31m
      [36m</section>[31m
      [36m<section[31m
        [33mclass[31m=[32m"network-insights"[31m
      [36m>[31m
        [36m<h4>[31m
          [0mA─ş Durumu[0m
        [36m</h4>[31m
        [36m<small[31m
          [33mclass[31m=[32m"muted"[31m
        [36m>[31m
          [0mYerel Grafik Analizi[0m
        [36m</small>[31m
        [36m<small[31m
          [33mclass[31m=[32m"error"[31m
        [36m>[31m
          [0mSunucu analizi al─▒namad─▒; yerel a─ş verisi kullan─▒l─▒yor.[0m
        [36m</small>[31m
        [36m<div[31m
          [33mclass[31m=[32m"readiness-pill weak"[31m
        [36m>[31m
          [36m<div>[31m
            [36m<strong>[31m
              [0mNetwork zayif gorunuyor, baglantilari guclendir.[0m
            [36m</strong>[31m
            [36m<small>[31m
              [0mSkor: [0m
              [0m0[0m
              [0m%[0m
            [36m</small>[31m
          [36m</div>[31m
        [36m</div>[31m
        [36m<ul[31m
          [33mclass[31m=[32m"insight-list"[31m
        [36m>[31m
          [36m<li>[31m
            [0m1 baglanti[0m
          [36m</li>[31m
          [36m<li>[31m
            [0m0 baglanti 4+ guce sahip[0m
          [36m</li>[31m
          [36m<li>[31m
            [0m0 baglanti son 45 gunde temas kurdu[0m
          [36m</li>[31m
          [36m<li>[31m
            [0mEn az 3 destekci olmadan hedef riskli.[0m
          [36m</li>[31m
        [36m</ul>[31m
      [36m</section>[31m
      [36m<section>[31m
        [36m<h4>[31m
          [0mSekt├Âr Analizi[0m
        [36m</h4>[31m
        [36m<ul[31m
          [33mclass[31m=[32m"insight-list"[31m
        [36m>[31m
          [36m<li>[31m
            [0m1 baglanti fintech sektorunde.[0m
          [36m</li>[31m
        [36m</ul>[31m
      [36m</section>[31m
      [36m<section>[31m
        [36m<h4>[31m
          [0mRisk Uyar─▒lar─▒[0m
        [36m</h4>[31m
        [36m<ul[31m
          [33mclass[31m=[32m"insight-list warning"[31m
        [36m>[31m
          [36m<li>[31m
            [0mAhmet icin iliski gucu 0/5 seviyesinde.[0m
          [36m</li>[31m
        [36m</ul>[31m
      [36m</section>[31m
      [36m<section>[31m
        [36m<h4>[31m
          [0m─░li┼şki Hat─▒rlatmalar─▒[0m
        [36m</h4>[31m
        [36m<ul[31m
          [33mclass[31m=[32m"nudge-list"[31m
        [36m>[31m
          [36m<li>[31m
            [0mHat─▒rlatma yok.[0m
          [36m</li>[31m
        [36m</ul>[31m
      [36m</section>[31m
      [36m<footer>[31m
        [36m<button[31m
          [33mclass[31m=[32m"primary-button block"[31m
        [36m>[31m
          [0mYapay Zeka ├ûnerisi Al[0m
        [36m</button>[31m
      [36m</footer>[31m
    [36m</div>[31m
  [36m</div>[31m
[36m</body>[31m[39m
[31m   [31m├ù[31m AiInsightPanel fallback[2m > [22mrenders diagnostics and risk alerts for supports[39m[32m 36[2mms[22m[39m
[31m     ÔåÆ Unable to find an element with the text: /2 ba─şlant─▒/i. This could be because the text is broken up by multiple elements. In this case, you can provide a function for your text matcher to make your matcher more flexible.

Ignored nodes: comments, script, style
[36m<body>[31m
  [36m<div>[31m
    [36m<div[31m
      [33mclass[31m=[32m"panel ai-panel"[31m
    [36m>[31m
      [36m<header>[31m
        [36m<h3>[31m
          [0mYapay Zeka Analizleri[0m
        [36m</h3>[31m
        [36m<p[31m
          [33mclass[31m=[32m"muted"[31m
        [36m>[31m
          [0mHedef: [0m
          [0mMVP[0m
        [36m</p>[31m
        [36m<small[31m
          [33mclass[31m=[32m"error"[31m
        [36m>[31m
          [0mAI ├Ânerileri al─▒namad─▒, mevcut ba─şlant─▒lar g├Âsteriliyor.[0m
        [36m</small>[31m
      [36m</header>[31m
      [36m<section>[31m
        [36m<h4>[31m
          [0m├ûnerilen Ki┼şiler[0m
        [36m</h4>[31m
        [36m<ul[31m
          [33mclass[31m=[32m"suggestion-list"[31m
        [36m>[31m
          [36m<li>[31m
            [36m<div>[31m
              [36m<strong>[31m
                [0mAhmet[0m
              [36m</strong>[31m
              [36m<small>[31m
                [0mFintech[0m
              [36m</small>[31m
            [36m</div>[31m
          [36m</li>[31m
          [36m<li>[31m
            [36m<div>[31m
              [36m<strong>[31m
                [0mDeniz[0m
              [36m</strong>[31m
              [36m<small>[31m
                [0mMarketing[0m
              [36m</small>[31m
            [36m</div>[31m
          [36m</li>[31m
        [36m</ul>[31m
      [36m</section>[31m
      [36m<section[31m
        [33mclass[31m=[32m"network-insights"[31m
      [36m>[31m
        [36m<h4>[31m
          [0mA─ş Durumu[0m
        [36m</h4>[31m
        [36m<small[31m
          [33mclass[31m=[32m"muted"[31m
        [36m>[31m
          [0mYerel Grafik Analizi[0m
        [36m</small>[31m
        [36m<small[31m
          [33mclass[31m=[32m"error"[31m
        [36m>[31m
          [0mSunucu analizi al─▒namad─▒; yerel a─ş verisi kullan─▒l─▒yor.[0m
        [36m</small>[31m
        [36m<div[31m
          [33mclass[31m=[32m"readiness-pill medium"[31m
        [36m>[31m
          [36m<div>[31m
            [36m<strong>[31m
              [0mAg sinirda, yeni guclu baglantilar eklemeye calisin.[0m
            [36m</strong>[31m
            [36m<small>[31m
              [0mSkor: [0m
              [0m50[0m
              [0m%[0m
            [36m</small>[31m
          [36m</div>[31m
        [36m</div>[31m
        [36m<ul[31m
          [33mclass[31m=[32m"insight-list"[31m
        [36m>[31m
          [36m<li>[31m
            [0m2 baglanti[0m
          [36m</li>[31m
          [36m<li>[31m
            [0m1 baglanti 4+ guce sahip[0m
          [36m</li>[31m
          [36m<li>[31m
            [0m1 baglanti son 45 gunde temas kurdu[0m
          [36m</li>[31m
          [36m<li>[31m
            [0mEn az 3 destekci olmadan hedef riskli.[0m
          [36m</li>[31m
        [36m</ul>[31m
      [36m</section>[31m
      [36m<section>[31m
        [36m<h4>[31m
          [0mSekt├Âr Analizi[0m
        [36m</h4>[31m
        [36m<ul[31m
          [33mclass[31m=[32m"insight-list"[31m
        [36m>[31m
          [36m<li>[31m
            [0m1 baglanti fintech sektorunde.[0m
          [36m</li>[31m
        [36m</ul>[31m
      [36m</section>[31m
      [36m<section>[31m
        [36m<h4>[31m
          [0mRisk Uyar─▒lar─▒[0m
        [36m</h4>[31m
        [36m<ul[31m
          [33mclass[31m=[32m"insight-list warning"[31m
        [36m>[31m
          [36m<li>[31m
            [0mDeniz ile 1076 gundur iletisim yok.[0m
          [36m</li>[31m
          [36m<li>[31m
            [0mDeniz icin iliski gucu 2/5 seviyesinde.[0m
          [36m</li>[31m
        [36m</ul>[31m
      [36m</section>[31m
      [36m<section>[31m
        [36m<h4>[31m
          [0m─░li┼şki Hat─▒rlatmalar─▒[0m
        [36m</h4>[31m
        [36m<ul[31m
          [33mclass[31m=[32m"nudge-list"[31m
        [36m>[31m
          [36m<li>[31m
            [0mHat─▒rlatma yok.[0m
          [36m</li>[31m
        [36m</ul>[31m
      [36m</section>[31m
      [36m<footer>[31m
        [36m<button[31m
          [33mclass[31m=[32m"primary-button block"[31m
        [36m>[31m
          [0mYapay Zeka ├ûnerisi Al[0m
        [36m</button>[31m
      [36m</footer>[31m
    [36m</div>[31m
  [36m</div>[31m
[36m</body>[31m[39m
   [32mÔ£ô[39m AiInsightPanel fallback[2m > [22mshows relationship nudges from API when available[32m 24[2mms[22m[39m
 [31mÔØ»[39m src/components/NodeModal.test.tsx [2m([22m[2m3 tests[22m[2m | [22m[31m3 failed[39m[2m)[22m[32m 210[2mms[22m[39m
[31m   [31m├ù[31m NodeModal[2m > [22msubmits required person fields with tags and notes[39m[32m 142[2mms[22m[39m
[31m     ÔåÆ Unable to find a label with the text of: /Isim/i

Ignored nodes: comments, script, style
[36m<body>[31m
  [36m<div>[31m
    [36m<div[31m
      [33mclass[31m=[32m"modal-overlay"[31m
    [36m>[31m
      [36m<form[31m
        [33mclass[31m=[32m"modal-card"[31m
      [36m>[31m
        [36m<div[31m
          [33mclass[31m=[32m"modal-header"[31m
        [36m>[31m
          [36m<h3>[31m
            [0mYeni[0m
            [0m [0m
            [0mKi┼şi[0m
          [36m</h3>[31m
          [36m<button[31m
            [33mclass[31m=[32m"ghost-button"[31m
            [33mtype[31m=[32m"button"[31m
          [36m>[31m
            [0mKapat[0m
          [36m</button>[31m
        [36m</div>[31m
        [36m<div[31m
          [33mclass[31m=[32m"type-switcher"[31m
        [36m>[31m
          [36m<button[31m
            [33mclass[31m=[32m"type-chip "[31m
            [33mtype[31m=[32m"button"[31m
          [36m>[31m
            [0mVizyon[0m
          [36m</button>[31m
          [36m<button[31m
            [33mclass[31m=[32m"type-chip "[31m
            [33mtype[31m=[32m"button"[31m
          [36m>[31m
            [0mHedef[0m
          [36m</button>[31m
          [36m<button[31m
            [33mclass[31m=[32m"type-chip "[31m
            [33mtype[31m=[32m"button"[31m
          [36m>[31m
            [0mProje[0m
          [36m</button>[31m
          [36m<button[31m
            [33mclass[31m=[32m"type-chip active"[31m
            [33mtype[31m=[32m"button"[31m
          [36m>[31m
            [0mKi┼şi[0m
          [36m</button>[31m
        [36m</div>[31m
        [36m<div[31m
          [33mclass[31m=[32m"classification-card"[31m
        [36m>[31m
          [36m<div>[31m
            [36m<strong>[31m
              [0mOtomatik Tasnif[0m
            [36m</strong>[31m
            [36m<p[31m
              [33mclass[31m=[32m"muted"[31m
            [36m>[31m
              [0m─░sim ve a├ğ─▒klama girdikten sonra ├Âneri alabilirsiniz.[0m
            [36m</p>[31m
          [36m</div>[31m
          [36m<div[31m
            [33mclass[31m=[32m"classification-actions"[31m
          [36m>[31m
            [36m<button[31m
              [33mclass[31m=[32m"ghost-button"[31m
              [33mtype[31m=[32m"button"[31m
            [36m>[31m
              [0mTip ├ûner[0m
            [36m</button>[31m
          [36m</div>[31m
        [36m</div>[31m
        [36m<label>[31m
          [0m─░sim[0m
          [36m<input[31m
            [33mrequired[31m=[32m""[31m
            [33mvalue[31m=[32m""[31m
          [36m/>[31m
        [36m</label>[31m
        [36m<label>[31m
          [0mA├ğ─▒klama[0m
          [36m<textarea[31m
            [33mrows[31m=[32m"3"[31m
          [36m/>[31m
        [36m</label>[31m
        [36m<div[31m
          [33mclass[31m=[32m"sector-field"[31m
        [36m>[31m
          [36m<div[31m
            [33mclass[31m=[32m"label-row"[31m
          [36m>[31m
            [36m<label[31m
              [33mfor[31m=[32m"node-sector-input"[31m
            [36m>[31m
              [0mSekt├Âr[0m
            [36m</label>[31m
            [36m<div[31m
              [33mclass[31m=[32m"sector-actions"[31m
            [36m>[31m
              [36m<button[31m
                [33mclass[31m=[32m"ghost-button"[31m
                [33mtype[31m=[32m"button"[31m
              [36m>[31m
                [0mSekt├Âr ├ûner[0m
              [36m</button>[31m
            [36m</div>[31m
          [36m</div>[31m
          [36m<input[31m
            [33mid[31m=[32m"node-sector-input"[31m
            [33mvalue[31m=[32m""[31m
          [36m/>[31m
        [36m</div>[31m
        [36m<label>[31m
          [0mEtiketler[0m
          [36m<input[31m
            [33mplaceholder[31m=[32m"mentor, yatirimci..."[31m
            [33mvalue[31m=[32m""[31m
          [36m/>[31m
        [36m</label>[31m
        [36m<label>[31m
          [0m─░li┼şki G├╝c├╝ (0-5)[0m
          [36m<div[31m
            [33mclass[31m=[32m"strength-selector"[31m
          [36m>[31m
            [36m<button[31m
              [33mclass[31m=[32m"strength-btn "[31m
              [33mtype[31m=[32m"button"[31m
            [36m>[31m
              [0m0[0m
            [36m</button>[31m
            [36m<button[31m
              [33mclass[31m=[32m"strength-btn "[31m
              [33mtype[31m=[32m"button"[31m
            [36m>[31m
              [0m1[0m
            [36m</button>[31m
            [36m<button[31m
              [33mclass[31m=[32m"strength-btn "[31m
              [33mtype[31m=[32m"button"[31m
            [36m>[31m
              [0m2[0m
            [36m</button>[31m
            [36m<button[31m
              [33mclass[31m=[32m"strength-btn active"[31m
              [33mtype[31m=[32m"button"[31m
            [36m>[31m
              [0m3[0m
            [36m</button>[31m
            [36m<button[31m
              [33mclass[31m=[32m"strength-btn "[31m
              [33mtype[31m=[32m"button"[31m
            [36m>[31m
              [0m4[0m
            [36m</button>[31m
            [36m<button[31m
              [33mclass[31m=[32m"strength-btn "[31m
              [33mtype[31m=[32m"button"[31m
            [36m>[31m
              [0m5[0m
            [36m</button>[31m
          [36m</div>[31m
        [36m</label>[31m
        [36m<label>[31m
          [0mNotlar[0m
          [36m<textarea[31m
            [33mrows[31m=[32m"2"[31m
          [36m/>[31m
        [36m</label>[31m
        [36m<button[31m
          [33mclass[31m=[32m"primary-button block"[31m
          [33mtype[31m=[32m"submit"[31m
        [36m>[31m
          [0mKaydet[0m
        [36m</button>[31m
      [36m</form>[31m
    [36m</div>[31m
  [36m</div>[31m
[36m</body>[31m[39m
[31m   [31m├ù[31m NodeModal[2m > [22msubmits goal-specific fields when editing[39m[32m 36[2mms[22m[39m
[31m     ÔåÆ Unable to find a label with the text of: /Isim/i

Ignored nodes: comments, script, style
[36m<body>[31m
  [36m<div>[31m
    [36m<div[31m
      [33mclass[31m=[32m"modal-overlay"[31m
    [36m>[31m
      [36m<form[31m
        [33mclass[31m=[32m"modal-card"[31m
      [36m>[31m
        [36m<div[31m
          [33mclass[31m=[32m"modal-header"[31m
        [36m>[31m
          [36m<h3>[31m
            [0mD├╝zenle[0m
            [0m [0m
            [0mHedef[0m
          [36m</h3>[31m
          [36m<button[31m
            [33mclass[31m=[32m"ghost-button"[31m
            [33mtype[31m=[32m"button"[31m
          [36m>[31m
            [0mKapat[0m
          [36m</button>[31m
        [36m</div>[31m
        [36m<div[31m
          [33mclass[31m=[32m"type-switcher"[31m
        [36m>[31m
          [36m<button[31m
            [33mclass[31m=[32m"type-chip "[31m
            [33mtype[31m=[32m"button"[31m
          [36m>[31m
            [0mVizyon[0m
          [36m</button>[31m
          [36m<button[31m
            [33mclass[31m=[32m"type-chip active"[31m
            [33mtype[31m=[32m"button"[31m
          [36m>[31m
            [0mHedef[0m
          [36m</button>[31m
          [36m<button[31m
            [33mclass[31m=[32m"type-chip "[31m
            [33mtype[31m=[32m"button"[31m
          [36m>[31m
            [0mProje[0m
          [36m</button>[31m
          [36m<button[31m
            [33mclass[31m=[32m"type-chip "[31m
            [33mtype[31m=[32m"button"[31m
          [36m>[31m
            [0mKi┼şi[0m
          [36m</button>[31m
        [36m</div>[31m
        [36m<div[31m
          [33mclass[31m=[32m"classification-card"[31m
        [36m>[31m
          [36m<div>[31m
            [36m<strong>[31m
              [0mOtomatik Tasnif[0m
            [36m</strong>[31m
            [36m<p[31m
              [33mclass[31m=[32m"muted"[31m
            [36m>[31m
              [0m─░sim ve a├ğ─▒klama girdikten sonra ├Âneri alabilirsiniz.[0m
            [36m</p>[31m
          [36m</div>[31m
          [36m<div[31m
            [33mclass[31m=[32m"classification-actions"[31m
          [36m>[31m
            [36m<button[31m
              [33mclass[31m=[32m"ghost-button"[31m
              [33mtype[31m=[32m"button"[31m
            [36m>[31m
              [0mTip ├ûner[0m
            [36m</button>[31m
          [36m</div>[31m
        [36m</div>[31m
        [36m<label>[31m
          [0m─░sim[0m
          [36m<input[31m
            [33mrequired[31m=[32m""[31m
            [33mvalue[31m=[32m"Existing"[31m
          [36m/>[31m
        [36m</label>[31m
        [36m<label>[31m
          [0mA├ğ─▒klama[0m
          [36m<textarea[31m
            [33mrows[31m=[32m"3"[31m
          [36m/>[31m
        [36m</label>[31m
        [36m<div[31m
          [33mclass[31m=[32m"sector-field"[31m
        [36m>[31m
          [36m<div[31m
            [33mclass[31m=[32m"label-row"[31m
          [36m>[31m
            [36m<label[31m
              [33mfor[31m=[32m"node-sector-input"[31m
            [36m>[31m
              [0mSekt├Âr[0m
            [36m</label>[31m
            [36m<div[31m
              [33mclass[31m=[32m"sector-actions"[31m
            [36m>[31m
              [36m<button[31m
                [33mclass[31m=[32m"ghost-button"[31m
                [33mtype[31m=[32m"button"[31m
              [36m>[31m
                [0mSekt├Âr ├ûner[0m
              [36m</button>[31m
            [36m</div>[31m
          [36m</div>[31m
          [36m<input[31m
            [33mid[31m=[32m"node-sector-input"[31m
            [33mvalue[31m=[32m"AI"[31m
          [36m/>[31m
        [36m</div>[31m
        [36m<label>[31m
          [0mEtiketler[0m
          [36m<input[31m
            [33mplaceholder[31m=[32m"mentor, yatirimci..."[31m
            [33mvalue[31m=[32m"mentor"[31m
          [36m/>[31m
        [36m</label>[31m
        [36m<label>[31m
          [0m├ûncelik (1-5)[0m
          [36m<input[31m
            [33mmax[31m=[32m"5"[31m
            [33mmin[31m=[32m"1"[31m
            [33mtype[31m=[32m"number"[31m
            [33mvalue[31m=[32m""[31m
          [36m/>[31m
        [36m</label>[31m
        [36m<label>[31m
          [0mBiti┼ş Tarihi[0m
          [36m<input[31m
            [33mtype[31m=[32m"date"[31m
            [33mvalue[31m=[32m""[31m
          [36m/>[31m
        [36m</label>[31m
        [36m<label>[31m
          [0mNotlar[0m
          [36m<textarea[31m
            [33mrows[31m=[32m"2"[31m
          [36m>[31m
            [0mOld note[0m
          [36m</textarea>[31m
        [36m</label>[31m
        [36m<button[31m
          [33mclass[31m=[32m"primary-button block"[31m
          [33mtype[31m=[32m"submit"[31m
        [36m>[31m
          [0mKaydet[0m
        [36m</button>[31m
      [36m</form>[31m
    [36m</div>[31m
  [36m</div>[31m
[36m</body>[31m[39m
[31m   [31m├ù[31m NodeModal[2m > [22mfetches and applies sector suggestion[39m[32m 29[2mms[22m[39m
[31m     ÔåÆ Unable to find a label with the text of: /Isim/i

Ignored nodes: comments, script, style
[36m<body>[31m
  [36m<div>[31m
    [36m<div[31m
      [33mclass[31m=[32m"modal-overlay"[31m
    [36m>[31m
      [36m<form[31m
        [33mclass[31m=[32m"modal-card"[31m
      [36m>[31m
        [36m<div[31m
          [33mclass[31m=[32m"modal-header"[31m
        [36m>[31m
          [36m<h3>[31m
            [0mYeni[0m
            [0m [0m
            [0mKi┼şi[0m
          [36m</h3>[31m
          [36m<button[31m
            [33mclass[31m=[32m"ghost-button"[31m
            [33mtype[31m=[32m"button"[31m
          [36m>[31m
            [0mKapat[0m
          [36m</button>[31m
        [36m</div>[31m
        [36m<div[31m
          [33mclass[31m=[32m"type-switcher"[31m
        [36m>[31m
          [36m<button[31m
            [33mclass[31m=[32m"type-chip "[31m
            [33mtype[31m=[32m"button"[31m
          [36m>[31m
            [0mVizyon[0m
          [36m</button>[31m
          [36m<button[31m
            [33mclass[31m=[32m"type-chip "[31m
            [33mtype[31m=[32m"button"[31m
          [36m>[31m
            [0mHedef[0m
          [36m</button>[31m
          [36m<button[31m
            [33mclass[31m=[32m"type-chip "[31m
            [33mtype[31m=[32m"button"[31m
          [36m>[31m
            [0mProje[0m
          [36m</button>[31m
          [36m<button[31m
            [33mclass[31m=[32m"type-chip active"[31m
            [33mtype[31m=[32m"button"[31m
          [36m>[31m
            [0mKi┼şi[0m
          [36m</button>[31m
        [36m</div>[31m
        [36m<div[31m
          [33mclass[31m=[32m"classification-card"[31m
        [36m>[31m
          [36m<div>[31m
            [36m<strong>[31m
              [0mOtomatik Tasnif[0m
            [36m</strong>[31m
            [36m<p[31m
              [33mclass[31m=[32m"muted"[31m
            [36m>[31m
              [0m─░sim ve a├ğ─▒klama girdikten sonra ├Âneri alabilirsiniz.[0m
            [36m</p>[31m
          [36m</div>[31m
          [36m<div[31m
            [33mclass[31m=[32m"classification-actions"[31m
          [36m>[31m
            [36m<button[31m
              [33mclass[31m=[32m"ghost-button"[31m
              [33mtype[31m=[32m"button"[31m
            [36m>[31m
              [0mTip ├ûner[0m
            [36m</button>[31m
          [36m</div>[31m
        [36m</div>[31m
        [36m<label>[31m
          [0m─░sim[0m
          [36m<input[31m
            [33mrequired[31m=[32m""[31m
            [33mvalue[31m=[32m""[31m
          [36m/>[31m
        [36m</label>[31m
        [36m<label>[31m
          [0mA├ğ─▒klama[0m
          [36m<textarea[31m
            [33mrows[31m=[32m"3"[31m
          [36m/>[31m
        [36m</label>[31m
        [36m<div[31m
          [33mclass[31m=[32m"sector-field"[31m
        [36m>[31m
          [36m<div[31m
            [33mclass[31m=[32m"label-row"[31m
          [36m>[31m
            [36m<label[31m
              [33mfor[31m=[32m"node-sector-input"[31m
            [36m>[31m
              [0mSekt├Âr[0m
            [36m</label>[31m
            [36m<div[31m
              [33mclass[31m=[32m"sector-actions"[31m
            [36m>[31m
              [36m<button[31m
                [33mclass[31m=[32m"ghost-button"[31m
                [33mtype[31m=[32m"button"[31m
              [36m>[31m
                [0mSekt├Âr ├ûner[0m
              [36m</button>[31m
            [36m</div>[31m
          [36m</div>[31m
          [36m<input[31m
            [33mid[31m=[32m"node-sector-input"[31m
            [33mvalue[31m=[32m""[31m
          [36m/>[31m
        [36m</div>[31m
        [36m<label>[31m
          [0mEtiketler[0m
          [36m<input[31m
            [33mplaceholder[31m=[32m"mentor, yatirimci..."[31m
            [33mvalue[31m=[32m""[31m
          [36m/>[31m
        [36m</label>[31m
        [36m<label>[31m
          [0m─░li┼şki G├╝c├╝ (0-5)[0m
          [36m<div[31m
            [33mclass[31m=[32m"strength-selector"[31m
          [36m>[31m
            [36m<button[31m
              [33mclass[31m=[32m"strength-btn "[31m
              [33mtype[31m=[32m"button"[31m
            [36m>[31m
              [0m0[0m
            [36m</button>[31m
            [36m<button[31m
              [33mclass[31m=[32m"strength-btn "[31m
              [33mtype[31m=[32m"button"[31m
            [36m>[31m
              [0m1[0m
            [36m</button>[31m
            [36m<button[31m
              [33mclass[31m=[32m"strength-btn "[31m
              [33mtype[31m=[32m"button"[31m
            [36m>[31m
              [0m2[0m
            [36m</button>[31m
            [36m<button[31m
              [33mclass[31m=[32m"strength-btn active"[31m
              [33mtype[31m=[32m"button"[31m
            [36m>[31m
              [0m3[0m
            [36m</button>[31m
            [36m<button[31m
              [33mclass[31m=[32m"strength-btn "[31m
              [33mtype[31m=[32m"button"[31m
            [36m>[31m
              [0m4[0m
            [36m</button>[31m
            [36m<button[31m
              [33mclass[31m=[32m"strength-btn "[31m
              [33mtype[31m=[32m"button"[31m
            [36m>[31m
              [0m5[0m
            [36m</button>[31m
          [36m</div>[31m
        [36m</label>[31m
        [36m<label>[31m
          [0mNotlar[0m
          [36m<textarea[31m
            [33mrows[31m=[32m"2"[31m
          [36m/>[31m
        [36m</label>[31m
        [36m<button[31m
          [33mclass[31m=[32m"primary-button block"[31m
          [33mtype[31m=[32m"submit"[31m
        [36m>[31m
          [0mKaydet[0m
        [36m</button>[31m
      [36m</form>[31m
    [36m</div>[31m
  [36m</div>[31m
[36m</body>[31m[39m
 [32mÔ£ô[39m src/panels/VisionTreePanel.test.tsx [2m([22m[2m1 test[22m[2m)[22m[32m 270[2mms[22m[39m
 [31mÔØ»[39m src/panels/FiltersPanel.test.tsx [2m([22m[2m2 tests[22m[2m | [22m[31m1 failed[39m[2m)[22m[33m 329[2mms[22m[39m
   [32mÔ£ô[39m FiltersPanel[2m > [22mdisables filter button when not authenticated[32m 175[2mms[22m[39m
[31m   [31m├ù[31m FiltersPanel[2m > [22msubmits filters when authenticated[39m[32m 152[2mms[22m[39m
[31m     ÔåÆ Unable to find an element with the text: /node e┼şle┼şti/i. This could be because the text is broken up by multiple elements. In this case, you can provide a function for your text matcher to make your matcher more flexible.

Ignored nodes: comments, script, style
[36m<body>[31m
  [36m<div>[31m
    [36m<div[31m
      [33mclass[31m=[32m"panel filters-panel"[31m
    [36m>[31m
      [36m<header>[31m
        [36m<h3>[31m
          [0mFiltreler[0m
        [36m</h3>[31m
        [36m<button[31m
          [33mclass[31m=[32m"ghost-button"[31m
        [36m>[31m
          [0mTemizle[0m
        [36m</button>[31m
      [36m</header>[31m
      [36m<div[31m
        [33mclass[31m=[32m"filter-group"[31m
      [36m>[31m
        [36m<label[31m
          [33mfor[31m=[32m"sector"[31m
        [36m>[31m
          [0mSekt├Âr[0m
        [36m</label>[31m
        [36m<select[31m
          [33mid[31m=[32m"sector"[31m
        [36m>[31m
          [36m<option[31m
            [33mvalue[31m=[32m""[31m
          [36m>[31m
            [0mT├╝m├╝[0m
          [36m</option>[31m
          [36m<option>[31m
            [0mFintech[0m
          [36m</option>[31m
          [36m<option>[31m
            [0mMarketing[0m
          [36m</option>[31m
          [36m<option>[31m
            [0mAI[0m
          [36m</option>[31m
          [36m<option>[31m
            [0mSaaS[0m
          [36m</option>[31m
        [36m</select>[31m
      [36m</div>[31m
      [36m<div[31m
        [33mclass[31m=[32m"filter-group"[31m
      [36m>[31m
        [36m<label>[31m
          [0m─░li┼şki G├╝c├╝[0m
        [36m</label>[31m
        [36m<div[31m
          [33mclass[31m=[32m"range-group"[31m
        [36m>[31m
          [36m<input[31m
            [33mmax[31m=[32m"5"[31m
            [33mmin[31m=[32m"0"[31m
            [33mplaceholder[31m=[32m"min"[31m
            [33mtype[31m=[32m"number"[31m
            [33mvalue[31m=[32m"2"[31m
          [36m/>[31m
          [36m<span>[31m
            [0m-[0m
          [36m</span>[31m
          [36m<input[31m
            [33mmax[31m=[32m"5"[31m
            [33mmin[31m=[32m"0"[31m
            [33mplaceholder[31m=[32m"maks"[31m
            [33mtype[31m=[32m"number"[31m
            [33mvalue[31m=[32m"4"[31m
          [36m/>[31m
        [36m</div>[31m
      [36m</div>[31m
      [36m<div[31m
        [33mclass[31m=[32m"filter-group"[31m
      [36m>[31m
        [36m<label>[31m
          [0mEtiketler[0m
        [36m</label>[31m
        [36m<div[31m
          [33mclass[31m=[32m"tag-list"[31m
        [36m>[31m
          [36m<label>[31m
            [36m<input[31m
              [33mtype[31m=[32m"checkbox"[31m
            [36m/>[31m
            [0m [0m
            [0mmentor[0m
          [36m</label>[31m
          [36m<label>[31m
            [36m<input[31m
              [33mtype[31m=[32m"checkbox"[31m
            [36m/>[31m
            [0m [0m
            [0myatirimci[0m
          [36m</label>[31m
          [36m<label>[31m
            [36m<input[31m
              [33mtype[31m=[32m"checkbox"[31m
            [36m/>[31m
            [0m [0m
            [0mgrowth[0m
          [36m</label>[31m
          [36m<label>[31m
            [36m<input[31m
              [33mtype[31m=[32m"checkbox"[31m
            [36m/>[31m
            [0m [0m
            [0mproduct[0m
          [36m</label>[31m
        [36m</div>[31m
      [36m</div>[31m
      [36m<div[31m
        [33mclass[31m=[32m"filter-group"[31m
      [36m>[31m
        [36m<label>[31m
          [0mNode Tipi[0m
        [36m</label>[31m
        [36m<div[31m
          [33mclass[31m=[32m"tag-list"[31m
        [36m>[31m
          [36m<label>[31m
            [36m<input[31m
              [33mchecked[31m=[32m""[31m
              [33mtype[31m=[32m"checkbox"[31m
            [36m/>[31m
            [0m [0m
            [0mKi┼şiler[0m
          [36m</label>[31m
          [36m<label>[31m
            [36m<input[31m
              [33mchecked[31m=[32m""[31m
              [33mtype[31m=[32m"checkbox"[31m
            [36m/>[31m
            [0m [0m
            [0mHedefler[0m
          [36m</label>[31m
          [36m<label>[31m
            [36m<input[31m
              [33mchecked[31m=[32m""[31m
              [33mtype[31m=[32m"checkbox"[31m
            [36m/>[31m
            [0m [0m
            [0mProjeler[0m
          [36m</label>[31m
          [36m<label>[31m
            [36m<input[31m
              [33mchecked[31m=[32m""[31m
              [33mtype[31m=[32m"checkbox"[31m
            [36m/>[31m
            [0m [0m
            [0mVizyondakiler[0m
          [36m</label>[31m
        [36m</div>[31m
      [36m</div>[31m
      [36m<footer>[31m
        [36m<button[31m
          [33mclass[31m=[32m"primary-button block"[31m
        [36m>[31m
          [0mFiltrele[0m
        [36m</button>[31m
        [36m<p[31m
          [33mclass[31m=[32m"filter-message info"[31m
        [36m>[31m
          [0m1 kay─▒t e┼şle┼şti. ─░lgili ba─şlant─▒lar vurgulan─▒yor.[0m
        [36m</p>[31m
        [36m<p[31m
          [33mclass[31m=[32m"filter-summary"[31m
        [36m>[31m
          [0mundefined: 1[0m
        [36m</p>[31m
      [36m</footer>[31m
    [36m</div>[31m
  [36m</div>[31m
[36m</body>[31m[39m
 [31mÔØ»[39m src/panels/GraphCanvas.test.tsx [2m([22m[2m6 tests[22m[2m | [22m[31m2 failed[39m[2m)[22m[32m 28[2mms[22m[39m
[31m   [31m├ù[31m createNodeDragHandler[2m > [22mpersists node position when authenticated[39m[32m 18[2mms[22m[39m
[31m     ÔåÆ expected "spy" to be called with arguments: [ 'Node pozisyonu kaydedildi.' ][90m

Received: 

[1m  1st spy call:

[22m[2m  [[22m
[32m-   "Node pozisyonu kaydedildi.",[90m
[31m+   "Kay─▒t pozisyonu kaydedildi.",[90m
[2m  ][22m
[31m[90m

Number of calls: [1m1[22m
[31m[39m
   [32mÔ£ô[39m createNodeDragHandler[2m > [22mskips update when not authenticated[32m 1[2mms[22m[39m
   [32mÔ£ô[39m edge helpers[2m > [22mcalculates stroke width from relationship strength[32m 1[2mms[22m[39m
   [32mÔ£ô[39m edge helpers[2m > [22mcalculates opacity based on last interaction date[32m 1[2mms[22m[39m
[31m   [31m├ù[31m edge helpers[2m > [22mbuilds descriptive labels and edge style[39m[32m 5[2mms[22m[39m
[31m     ÔåÆ expected 'Destekliyor (4) @ 2025-01-01' to contain 'supports'[39m
   [32mÔ£ô[39m edge helpers[2m > [22mdims edges that fall outside the filter[32m 1[2mms[22m[39m
 [32mÔ£ô[39m src/utils/goalPathSuggestions.test.ts [2m([22m[2m2 tests[22m[2m)[22m[32m 3[2mms[22m[39m
 [32mÔ£ô[39m src/utils/pathInspector.test.ts [2m([22m[2m1 test[22m[2m)[22m[32m 5[2mms[22m[39m
 [32mÔ£ô[39m src/types/index.test.ts [2m([22m[2m4 tests[22m[2m)[22m[32m 4[2mms[22m[39m
 [32mÔ£ô[39m src/store/selectionStore.test.ts [2m([22m[2m6 tests[22m[2m)[22m[32m 5[2mms[22m[39m
 [31mÔØ»[39m src/panels/NodeDetailPanel.test.tsx [2m([22m[2m8 tests[22m[2m | [22m[31m1 failed[39m[2m)[22m[33m 1580[2mms[22m[39m
[31m   [31m├ù[31m NodeDetailPanel link person form[2m > [22msubmits selected person to goal[39m[33m 1322[2mms[22m[39m
[31m     ÔåÆ expected "spy" to be called with arguments: [ 'goal-1', ObjectContaining{ÔÇĞ} ][90m

Received: 

[1m  1st spy call:

[22m[2m  [[22m
[2m    "goal-1",[22m
[32m-   ObjectContaining {[90m
[31m+   {[90m
[31m+     "addedByUser": true,[90m
[2m      "notes": "critical",[22m
[2m      "personId": "person-1",[22m
[32m-     "relationshipStrength": 4,[90m
[31m+     "relationshipStrength": undefined,[90m
[2m    },[22m
[2m  ][22m
[31m[90m

Number of calls: [1m1[22m
[31m

Ignored nodes: comments, script, style
[36m<html>[31m
  [36m<head />[31m
  [36m<body>[31m
    [36m<div>[31m
      [36m<div[31m
        [33mclass[31m=[32m"panel node-detail-panel"[31m
      [36m>[31m
        [36m<header>[31m
          [36m<span[31m
            [33mclass[31m=[32m"badge badge-goal"[31m
          [36m>[31m
            [0mHedef[0m
          [36m</span>[31m
          [36m<h3>[31m
            [0mGoal[0m
          [36m</h3>[31m
        [36m</header>[31m
        [36m<section>[31m
          [36m<h4>[31m
            [0m├ûzet Nitelikler[0m
          [36m</h4>[31m
          [36m<dl />[31m
        [36m</section>[31m
        [36m<section[31m
          [33mclass[31m=[32m"link-section"[31m
        [36m>[31m
          [36m<h4>[31m
            [0mKi┼şiyi hedefe ba─şla[0m
          [36m</h4>[31m
          [36m<form[31m
            [33mclass[31m=[32m"link-form"[31m
          [36m>[31m
            [36m<label>[31m
              [0mKi┼şi[0m
              [36m<select>[31m
                [36m<option[31m
                  [33mvalue[31m=[32m""[31m
                [36m>[31m
                  [0mBir ki┼şi se├ğin[0m
                [36m</option>[31m
                [36m<option[31m
                  [33mvalue[31m=[32m"person-1"[31m
                [36m>[31m
                  [0mAli[0m
                [36m</option>[31m
              [36m</select>[31m
            [36m</label>[31m
            [36m<label>[31m
              [0m─░li┼şki G├╝c├╝ (0-5)[0m
              [36m<div[31m
                [33mclass[31m=[32m"strength-selector"[31m
              [36m>[31m
                [36m<button[31m
                  [33mclass[31m=[32m"strength-btn "[31m
                  [33mtype[31m=[32m"button"[31m
                  [33mvalue[31m=[32m"4"[31m
                [36m>[31m
                  [0m0[0m
                [36m</button>[31m
                [36m<button[31m
                  [33mclass[31m=[32m"strength-btn "[31m
                  [33mtype[31m=[32m"button"[31m
                [36m>[31m
                  [0m1[0m
                [36m</button>[31m
                [36m<button[31m
                  [33mclass[31m=[32m"strength-btn "[31m
                  [33mtype[31m=[32m"button"[31m
                [36m>[31m
                  [0m2[0m
                [36m</button>[31m
                [36m<button[31m
                  [33mclass[31m=[32m"strength-btn "[31m
                  [33mtype[31m=[32m"button"[31m
                [36m>[31m
                  [0m3[0m
                [36m</button>[31m
                [36m<button[31m
                  [33mclass[31m=[32m"strength-btn "[31m
                  [33mtype[31m=[32m"button"[31m
                [36m>[31m
                  [0m4[0m
                [36m</button>[31m
                [36m<button[31m
                  [33mclass[31m=[32m"strength-btn "[31m
                  [33mtype[31m=[32m"button"[31m
                [36m>[31m
                  [0m5[0m
                [36m</button>[31m
              [36m</div>[31m
            [36m</label>[31m
            [36m<label>[31m
              [0mNot[0m
              [36m<textarea[31m
                [33mrows[31m=[32m"2"[31m
              [36m/>[31m
            [36m</label>[31m
            [36m<button[31m
              [33mclass[31m=[32m"primary-button"[31m
              [33mdisabled[31m=[32m""[31m
              [33mtype[31m=[32m"submit"[31m
            [36m>[31m
              [0mBa─şlant─▒ Olu┼ştur[0m
            [36m</button>[31m
            [36m<small[31m
              [33mclass[31m=[32m"success-text"[31m
            [36m>[31m
              [0mBa─şlant─▒ kaydedildi.[0m
            [36m</small>[31m
          [36m</form>[31m
        [36m</section>[31m
        [36m<section[31m
          [33mclass[31m=[32m"proximity-section"[31m
        [36m>[31m
          [36m<h4>[31m
            [0mYak─▒nl─▒k Analizi[0m
          [36m</h4>[31m
        [36m</section>[31m
        [36m<footer[31m
          [33mclass[31m=[32m"detail-footer"[31m
        [36m>[31m
          [36m<button[31m
            [33mclass[31m=[32m"primary-button"[31m
          [36m>[31m
            [0mD├╝zenle[0m
          [36m</button>[31m
          [36m<button[31m
            [33mclass[31m=[32m"ghost-button danger"[31m
          [36m>[31m
            [0mSil[0m
          [36m</button>[31m
        [36m</footer>[31m
      [36m</div>[31m
    [36m</div>[31m
  [36m</body>[31m
[36m</html>[31m[39m
   [32mÔ£ô[39m NodeDetailPanel link person form[2m > [22mdisplays proximity metadata when available[32m 21[2mms[22m[39m
   [32mÔ£ô[39m NodeDetailPanel link person form[2m > [22mhighlights nodes by sector when requested[32m 22[2mms[22m[39m
   [32mÔ£ô[39m NodeDetailPanel link person form[2m > [22mhighlights nodes by tag when tag chip clicked[32m 26[2mms[22m[39m
   [32mÔ£ô[39m NodeDetailPanel link person form[2m > [22madds timeline entries for person nodes[32m 32[2mms[22m[39m
   [32mÔ£ô[39m NodeDetailPanel link person form[2m > [22mremoves timeline entries when requested[32m 30[2mms[22m[39m
   [32mÔ£ô[39m NodeDetailPanel link person form[2m > [22mshows path-based suggestions for goals[32m 107[2mms[22m[39m
   [32mÔ£ô[39m NodeDetailPanel link person form[2m > [22mfalls back to local suggestions when API fails[32m 18[2mms[22m[39m

[2m Test Files [22m [1m[31m5 failed[39m[22m[2m | [22m[1m[32m14 passed[39m[22m[90m (19)[39m
[2m      Tests [22m [1m[31m9 failed[39m[22m[2m | [22m[1m[32m70 passed[39m[22m[90m (79)[39m
[2m   Start at [22m 17:24:54
[2m   Duration [22m 4.95s[2m (transform 2.08s, setup 0ms, collect 9.65s, tests 3.17s, environment 28.34s, prepare 6.99s)[22m

